// Jest Snapshot v1, https://goo.gl/fbAQLP

exports[`App compnent renders Magnificent Monkeys 1`] = `
<div>
  <div>
    <button
      type="button"
    >
      Click Me!
    </button>
    <h1>
      Magnificent Monkeys
    </h1>
  </div>
</div>
`;
